BL51 BANKED LINKER/LOCATER V6.22                                                        02/01/2022  10:57:37  PAGE 1


BL51 BANKED LINKER/LOCATER V6.22, INVOKED BY:
D:\KEIL51\C51\BIN\BL51.EXE .\Objects\STARTUP.obj, .\Objects\main.obj TO .\Objects\project PRINT (.\Listings\project.m51)
>>  RAMSIZE (256)


MEMORY MODEL: SMALL


INPUT MODULES INCLUDED:
  .\Objects\STARTUP.obj (?C_STARTUP)
  .\Objects\main.obj (MAIN)
  D:\KEIL51\C51\LIB\C51S.LIB (?C_INIT)


LINK MAP OF MODULE:  .\Objects\project (?C_STARTUP)


            TYPE    BASE      LENGTH    RELOCATION   SEGMENT NAME
            -----------------------------------------------------

            * * * * * * *   D A T A   M E M O R Y   * * * * * * *
            REG     0000H     0008H     ABSOLUTE     "REG BANK 0"
            DATA    0008H     0020H     UNIT         ?DT?MAIN
            DATA    0028H     0001H     UNIT         _DATA_GROUP_
            IDATA   0029H     0001H     UNIT         ?STACK

            * * * * * * *   C O D E   M E M O R Y   * * * * * * *
            CODE    0000H     0003H     ABSOLUTE     
            CODE    0003H     0048H     UNIT         ?PR?T2INT?MAIN
            CODE    004BH     0013H     UNIT         ?PR?_DELAY_MS?MAIN
                    005EH     0005H                  *** GAP ***
            CODE    0063H     0003H     ABSOLUTE     
            CODE    0066H     0151H     UNIT         ?PR?KEYSCAN16_2?MAIN
            CODE    01B7H     008CH     UNIT         ?C_C51STARTUP
            CODE    0243H     0085H     UNIT         ?PR?KEYSCAN16_1?MAIN
            CODE    02C8H     0045H     UNIT         ?PR?KEYSCAN?MAIN
            CODE    030DH     0029H     UNIT         ?C_INITSEG
            CODE    0336H     0022H     UNIT         ?PR?ALLINIT?MAIN
            CODE    0358H     0012H     UNIT         ?PR?TIMER2INIT?MAIN
            CODE    036AH     0011H     UNIT         ?PR?MAIN?MAIN



OVERLAY MAP OF MODULE:   .\Objects\project (?C_STARTUP)


SEGMENT                          DATA_GROUP 
  +--> CALLED SEGMENT          START    LENGTH
----------------------------------------------
?C_C51STARTUP                  -----    -----
  +--> ?PR?MAIN?MAIN
  +--> ?C_INITSEG

?PR?MAIN?MAIN                  -----    -----
  +--> ?PR?ALLINIT?MAIN
  +--> ?PR?TIMER2INIT?MAIN
  +--> ?PR?KEYSCAN?MAIN
  +--> ?PR?KEYSCAN16_1?MAIN
BL51 BANKED LINKER/LOCATER V6.22                                                      02/01/2022  10:57:37  PAGE 2


  +--> ?PR?KEYSCAN16_2?MAIN

?PR?KEYSCAN?MAIN               -----    -----
  +--> ?PR?_DELAY_MS?MAIN

?PR?KEYSCAN16_1?MAIN           -----    -----
  +--> ?PR?_DELAY_MS?MAIN

?PR?KEYSCAN16_2?MAIN           0028H    0001H
  +--> ?PR?_DELAY_MS?MAIN



SYMBOL TABLE OF MODULE:  .\Objects\project (?C_STARTUP)

  VALUE           TYPE          NAME
  ----------------------------------

  -------         MODULE        ?C_STARTUP
  C:01B7H         SEGMENT       ?C_C51STARTUP
  I:0029H         SEGMENT       ?STACK
  C:0000H         PUBLIC        ?C_STARTUP
  D:00E0H         SYMBOL        ACC
  D:00F0H         SYMBOL        B
  D:0083H         SYMBOL        DPH
  D:0082H         SYMBOL        DPL
  N:0000H         SYMBOL        IBPSTACK
  N:0100H         SYMBOL        IBPSTACKTOP
  N:0080H         SYMBOL        IDATALEN
  C:01BAH         SYMBOL        IDATALOOP
  N:0000H         SYMBOL        PBPSTACK
  N:0100H         SYMBOL        PBPSTACKTOP
  N:0000H         SYMBOL        PDATALEN
  N:0000H         SYMBOL        PDATASTART
  N:0000H         SYMBOL        PPAGE
  N:0000H         SYMBOL        PPAGEENABLE
  D:00A0H         SYMBOL        PPAGE_SFR
  D:0081H         SYMBOL        SP
  C:01B7H         SYMBOL        STARTUP1
  N:0000H         SYMBOL        XBPSTACK
  N:0000H         SYMBOL        XBPSTACKTOP
  N:0000H         SYMBOL        XDATALEN
  N:0000H         SYMBOL        XDATASTART
  C:0000H         LINE#         126
  C:01B7H         LINE#         133
  C:01B9H         LINE#         134
  C:01BAH         LINE#         135
  C:01BBH         LINE#         136
  C:01BDH         LINE#         185
  C:01C0H         LINE#         196
  -------         ENDMOD        ?C_STARTUP

  -------         MODULE        MAIN
  C:0000H         SYMBOL        _ICE_DUMMY_
  D:0080H         PUBLIC        P0
  D:0090H         PUBLIC        P1
  D:00A0H         PUBLIC        P2
BL51 BANKED LINKER/LOCATER V6.22                                                      02/01/2022  10:57:37  PAGE 3


  D:00B0H         PUBLIC        P3
  D:00C0H         PUBLIC        P4
  D:00C8H         PUBLIC        P5
  B:00A8H.7       PUBLIC        EA
  D:00E8H         PUBLIC        P6
  D:00F8H         PUBLIC        P7
  D:00A8H         PUBLIC        IE
  D:00B8H         PUBLIC        IP
  D:00D8H         PUBLIC        CCON
  C:036AH         PUBLIC        main
  C:004BH         PUBLIC        _Delay_ms
  B:00B0H.0       PUBLIC        P30
  D:0098H         PUBLIC        SCON
  B:00B0H.1       PUBLIC        P31
  D:0088H         PUBLIC        TCON
  B:00B0H.2       PUBLIC        P32
  B:00C0H.2       PUBLIC        P42
  B:00B0H.3       PUBLIC        P33
  B:00B0H.4       PUBLIC        P34
  D:0008H         PUBLIC        tab
  B:00C0H.4       PUBLIC        P44
  B:00B0H.5       PUBLIC        P35
  D:00AFH         PUBLIC        IE2
  D:008EH         PUBLIC        AUXR
  D:001EH         PUBLIC        LED_Bits
  C:0358H         PUBLIC        Timer2Init
  D:00D6H         PUBLIC        T2H
  D:00D7H         PUBLIC        T2L
  D:001FH         PUBLIC        Digbuf
  D:0027H         PUBLIC        Digcom
  C:0243H         PUBLIC        keyscan16_1
  C:0066H         PUBLIC        keyscan16_2
  C:0336H         PUBLIC        allinit
  C:02C8H         PUBLIC        keyscan
  C:0003H         PUBLIC        t2int
  D:00D0H         PUBLIC        PSW
  -------         PROC          MAIN
  C:036AH         LINE#         21
  C:036AH         LINE#         22
  C:036AH         LINE#         23
  C:036DH         LINE#         24
  C:0370H         LINE#         25
  C:0370H         LINE#         26
  C:0370H         LINE#         27
  C:0373H         LINE#         28
  C:0376H         LINE#         29
  C:0379H         LINE#         30
  -------         ENDPROC       MAIN
  -------         PROC          ALLINIT
  C:0336H         LINE#         32
  C:0336H         LINE#         33
  C:0336H         LINE#         34
  C:0339H         LINE#         35
  C:033CH         LINE#         36
  C:033FH         LINE#         38
  C:0342H         LINE#         39
  C:0345H         LINE#         40
BL51 BANKED LINKER/LOCATER V6.22                                                      02/01/2022  10:57:37  PAGE 4


  C:0348H         LINE#         42
  C:034BH         LINE#         43
  C:034EH         LINE#         44
  C:0351H         LINE#         46
  C:0354H         LINE#         47
  C:0354H         LINE#         48
  C:0357H         LINE#         50
  -------         ENDPROC       ALLINIT
  -------         PROC          TIMER2INIT
  C:0358H         LINE#         51
  C:0358H         LINE#         52
  C:0358H         LINE#         53
  C:035BH         LINE#         54
  C:035EH         LINE#         55
  C:0361H         LINE#         56
  C:0364H         LINE#         58
  C:0367H         LINE#         59
  C:0369H         LINE#         60
  -------         ENDPROC       TIMER2INIT
  -------         PROC          T2INT
  C:0003H         LINE#         61
  C:000EH         LINE#         63
  C:0011H         LINE#         64
  C:0011H         LINE#         65
  C:0014H         LINE#         67
  C:0017H         LINE#         68
  C:001AH         LINE#         69
  C:0029H         LINE#         71
  C:002CH         LINE#         72
  C:002CH         LINE#         73
  C:0038H         LINE#         75
  C:003FH         LINE#         76
  C:003FH         LINE#         77
  C:0042H         LINE#         78
  C:0042H         LINE#         80
  -------         ENDPROC       T2INT
  -------         PROC          _DELAY_MS
  D:0007H         SYMBOL        ms
  -------         DO            
  D:0005H         SYMBOL        i
  D:0004H         SYMBOL        j
  D:0006H         SYMBOL        k
  -------         ENDDO         
  C:004BH         LINE#         81
  C:004BH         LINE#         82
  C:004BH         LINE#         84
  C:0052H         LINE#         85
  C:0052H         LINE#         86
  C:0054H         LINE#         87
  C:0056H         LINE#         89
  C:0056H         LINE#         90
  C:0058H         LINE#         91
  C:005AH         LINE#         93
  C:005DH         LINE#         94
  -------         ENDPROC       _DELAY_MS
  -------         PROC          KEYSCAN
  C:02C8H         LINE#         95
BL51 BANKED LINKER/LOCATER V6.22                                                      02/01/2022  10:57:37  PAGE 5


  C:02C8H         LINE#         96
  C:02C8H         LINE#         97
  C:02CBH         LINE#         98
  C:02CBH         LINE#         99
  C:02D0H         LINE#         100
  C:02D3H         LINE#         101
  C:02D3H         LINE#         102
  C:02D6H         LINE#         103
  C:02D6H         LINE#         104
  C:02D9H         LINE#         105
  C:02D9H         LINE#         106
  C:02DCH         LINE#         107
  C:02DCH         LINE#         108
  C:02E1H         LINE#         109
  C:02E4H         LINE#         110
  C:02E4H         LINE#         111
  C:02E7H         LINE#         112
  C:02E7H         LINE#         113
  C:02EAH         LINE#         114
  C:02EAH         LINE#         115
  C:02EDH         LINE#         116
  C:02EDH         LINE#         117
  C:02F2H         LINE#         118
  C:02F5H         LINE#         119
  C:02F5H         LINE#         120
  C:02F8H         LINE#         121
  C:02F8H         LINE#         122
  C:02FBH         LINE#         123
  C:02FBH         LINE#         124
  C:02FEH         LINE#         125
  C:02FEH         LINE#         126
  C:0303H         LINE#         127
  C:0306H         LINE#         128
  C:0306H         LINE#         129
  C:0309H         LINE#         130
  C:0309H         LINE#         131
  C:030CH         LINE#         132
  C:030CH         LINE#         133
  -------         ENDPROC       KEYSCAN
  -------         PROC          KEYSCAN16_1
  C:0243H         LINE#         134
  C:0243H         LINE#         135
  C:0243H         LINE#         136
  C:024AH         LINE#         137
  C:0250H         LINE#         138
  C:0250H         LINE#         139
  C:0255H         LINE#         140
  C:025BH         LINE#         141
  C:025BH         LINE#         142
  C:025EH         LINE#         143
  C:025EH         LINE#         144
  C:0264H         LINE#         145
  C:0264H         LINE#         146
  C:026BH         LINE#         147
  C:0271H         LINE#         148
  C:0271H         LINE#         149
  C:0276H         LINE#         150
BL51 BANKED LINKER/LOCATER V6.22                                                      02/01/2022  10:57:37  PAGE 6


  C:027CH         LINE#         151
  C:027CH         LINE#         152
  C:027FH         LINE#         153
  C:027FH         LINE#         154
  C:0285H         LINE#         155
  C:0285H         LINE#         156
  C:028CH         LINE#         157
  C:0292H         LINE#         158
  C:0292H         LINE#         159
  C:0297H         LINE#         160
  C:029DH         LINE#         161
  C:029DH         LINE#         162
  C:02A0H         LINE#         163
  C:02A0H         LINE#         164
  C:02A6H         LINE#         165
  C:02A6H         LINE#         166
  C:02ADH         LINE#         167
  C:02B3H         LINE#         168
  C:02B3H         LINE#         169
  C:02B8H         LINE#         170
  C:02BEH         LINE#         171
  C:02BEH         LINE#         172
  C:02C1H         LINE#         173
  C:02C1H         LINE#         174
  C:02C7H         LINE#         175
  C:02C7H         LINE#         176
  -------         ENDPROC       KEYSCAN16_1
  -------         PROC          KEYSCAN16_2
  -------         DO            
  D:0028H         SYMBOL        temp
  -------         ENDDO         
  C:0066H         LINE#         177
  C:0066H         LINE#         178
  C:0066H         LINE#         181
  C:006DH         LINE#         182
  C:0073H         LINE#         183
  C:0077H         LINE#         184
  C:0077H         LINE#         185
  C:007CH         LINE#         186
  C:0082H         LINE#         187
  C:0086H         LINE#         188
  C:0086H         LINE#         189
  C:0089H         LINE#         190
  C:009AH         LINE#         191
  C:009AH         LINE#         192
  C:009AH         LINE#         193
  C:009FH         LINE#         194
  C:009FH         LINE#         195
  C:00A4H         LINE#         196
  C:00A4H         LINE#         197
  C:00A9H         LINE#         198
  C:00A9H         LINE#         199
  C:00ACH         LINE#         200
  C:00ACH         LINE#         201
  C:00ACH         LINE#         202
  C:00ACH         LINE#         203
  C:00ACH         LINE#         204
BL51 BANKED LINKER/LOCATER V6.22                                                      02/01/2022  10:57:37  PAGE 7


  C:00B2H         LINE#         205
  C:00B2H         LINE#         206
  C:00B8H         LINE#         207
  C:00BAH         LINE#         208
  C:00BAH         LINE#         209
  C:00C1H         LINE#         210
  C:00C7H         LINE#         211
  C:00CBH         LINE#         212
  C:00CBH         LINE#         213
  C:00D0H         LINE#         214
  C:00D6H         LINE#         215
  C:00DAH         LINE#         216
  C:00DAH         LINE#         217
  C:00DDH         LINE#         218
  C:00EEH         LINE#         219
  C:00EEH         LINE#         220
  C:00EEH         LINE#         221
  C:00F3H         LINE#         222
  C:00F3H         LINE#         223
  C:00F8H         LINE#         224
  C:00F8H         LINE#         225
  C:00FDH         LINE#         226
  C:00FDH         LINE#         227
  C:0100H         LINE#         228
  C:0100H         LINE#         229
  C:0100H         LINE#         231
  C:0100H         LINE#         232
  C:0100H         LINE#         233
  C:0106H         LINE#         234
  C:0106H         LINE#         235
  C:010CH         LINE#         236
  C:010EH         LINE#         237
  C:010EH         LINE#         238
  C:0115H         LINE#         239
  C:011BH         LINE#         240
  C:011FH         LINE#         241
  C:011FH         LINE#         242
  C:0124H         LINE#         243
  C:012AH         LINE#         244
  C:012EH         LINE#         245
  C:012EH         LINE#         246
  C:0131H         LINE#         247
  C:0142H         LINE#         248
  C:0142H         LINE#         249
  C:0142H         LINE#         250
  C:0147H         LINE#         251
  C:0147H         LINE#         252
  C:014CH         LINE#         253
  C:014CH         LINE#         254
  C:0151H         LINE#         255
  C:0151H         LINE#         256
  C:0154H         LINE#         257
  C:0154H         LINE#         258
  C:0154H         LINE#         259
  C:0154H         LINE#         260
  C:0154H         LINE#         261
  C:015AH         LINE#         262
BL51 BANKED LINKER/LOCATER V6.22                                                      02/01/2022  10:57:37  PAGE 8


  C:015AH         LINE#         263
  C:0160H         LINE#         264
  C:0162H         LINE#         265
  C:0162H         LINE#         266
  C:0169H         LINE#         267
  C:016FH         LINE#         268
  C:0173H         LINE#         269
  C:0173H         LINE#         270
  C:0178H         LINE#         271
  C:017EH         LINE#         272
  C:0182H         LINE#         273
  C:0182H         LINE#         274
  C:0185H         LINE#         275
  C:0196H         LINE#         276
  C:0196H         LINE#         277
  C:0196H         LINE#         278
  C:019BH         LINE#         279
  C:019BH         LINE#         280
  C:01A0H         LINE#         281
  C:01A0H         LINE#         282
  C:01A5H         LINE#         283
  C:01A5H         LINE#         284
  C:01A8H         LINE#         285
  C:01A8H         LINE#         286
  C:01A8H         LINE#         287
  C:01A8H         LINE#         288
  C:01A8H         LINE#         289
  C:01AEH         LINE#         290
  C:01AEH         LINE#         291
  C:01B4H         LINE#         292
  C:01B6H         LINE#         293
  C:01B6H         LINE#         294
  -------         ENDPROC       KEYSCAN16_2
  -------         ENDMOD        MAIN

Program Size: data=42.0 xdata=0 code=886
LINK/LOCATE RUN COMPLETE.  0 WARNING(S),  0 ERROR(S)
